<?xml version="1.0" encoding="UTF-8"?>
<TestRun id="e4387a46-587e-4da5-9bc5-f5253ce57a40" name="Arquiteto@ALLSPARK 2013-03-17 02:02:32" runUser="ALLSPARK\Arquiteto" xmlns="http://microsoft.com/schemas/VisualStudio/TeamTest/2010">
  <TestSettings name="Local" id="d4f7ce9b-908c-4374-9461-2f0230bff472">
    <Description>These are default test settings for a local test run.</Description>
    <Deployment enabled="false" runDeploymentRoot="Arquiteto_ALLSPARK 2013-03-17 02_02_32">
      <DeploymentItem filename="c:\Arquivos de programas\Spring.NET 1.3.2\bin\net\4.0\release\Spring.Data.NHibernate31.dll" />
      <DeploymentItem filename="c:\documents and settings\arquiteto\meus documentos\visual studio 2010\Projects\NHibernate_Spring_NET\DAL\bin\Debug\DAL.dll" />
      <DeploymentItem filename="c:\documents and settings\arquiteto\meus documentos\Downloads\NHibernate-3.2.0.GA-bin\Required_Bins\NHibernate.dll" />
      <DeploymentItem filename="c:\Arquivos de programas\Spring.NET 1.3.2\bin\net\4.0\release\Spring.Messaging.Ems.dll" />
      <DeploymentItem filename="c:\Arquivos de programas\Spring.NET 1.3.2\bin\net\4.0\release\Spring.Data.NHibernate20.dll" />
      <DeploymentItem filename="c:\documents and settings\arquiteto\meus documentos\Downloads\NHibernate-3.2.0.GA-bin\Required_Bins\Iesi.Collections.dll" />
      <DeploymentItem filename="c:\Arquivos de programas\Spring.NET 1.3.2\bin\net\4.0\release\Spring.Data.NHibernate21.dll" />
      <DeploymentItem filename="c:\Arquivos de programas\Spring.NET 1.3.2\bin\net\4.0\release\Spring.Scheduling.Quartz.dll" />
      <DeploymentItem filename="c:\Arquivos de programas\Spring.NET 1.3.2\bin\net\4.0\release\Spring.Web.dll" />
      <DeploymentItem filename="c:\Arquivos de programas\Spring.NET 1.3.2\bin\net\4.0\release\Spring.Messaging.dll" />
      <DeploymentItem filename="c:\Arquivos de programas\Spring.NET 1.3.2\bin\net\4.0\release\Spring.Aop.dll" />
      <DeploymentItem filename="c:\Arquivos de programas\Spring.NET 1.3.2\bin\net\4.0\release\Spring.Data.NHibernate32.dll" />
      <DeploymentItem filename="c:\Arquivos de programas\Spring.NET 1.3.2\bin\net\4.0\release\Spring.Testing.Microsoft.dll" />
      <DeploymentItem filename="c:\Arquivos de programas\Spring.NET 1.3.2\bin\net\4.0\release\Spring.Data.NHibernate30.dll" />
      <DeploymentItem filename="c:\Arquivos de programas\Spring.NET 1.3.2\bin\net\4.0\release\Spring.Web.Mvc.dll" />
      <DeploymentItem filename="c:\Arquivos de programas\Spring.NET 1.3.2\bin\net\4.0\release\Spring.Services.dll" />
      <DeploymentItem filename="c:\Arquivos de programas\Spring.NET 1.3.2\bin\net\4.0\release\Spring.Messaging.Nms.dll" />
      <DeploymentItem filename="c:\documents and settings\arquiteto\meus documentos\visual studio 2010\Projects\NHibernate_Spring_NET\BusinessLayer\bin\Debug\BusinessLayer.dll" />
      <DeploymentItem filename="c:\Arquivos de programas\Spring.NET 1.3.2\bin\net\4.0\release\Common.Logging.dll" />
      <DeploymentItem filename="c:\Arquivos de programas\Spring.NET 1.3.2\bin\net\4.0\release\Spring.Core.dll" />
      <DeploymentItem filename="c:\Arquivos de programas\Spring.NET 1.3.2\bin\net\4.0\release\Spring.Template.Velocity.dll" />
      <DeploymentItem filename="c:\Arquivos de programas\Spring.NET 1.3.2\bin\net\4.0\release\Spring.Web.Mvc3.dll" />
      <DeploymentItem filename="c:\Arquivos de programas\Spring.NET 1.3.2\bin\net\4.0\release\Spring.Testing.NUnit.dll" />
      <DeploymentItem filename="c:\Arquivos de programas\Spring.NET 1.3.2\bin\net\4.0\release\Spring.Data.dll" />
      <DeploymentItem filename="c:\Arquivos de programas\Spring.NET 1.3.2\bin\net\4.0\release\Spring.Web.Extensions.dll" />
    </Deployment>
    <Execution>
      <TestTypeSpecific />
      <AgentRule name="Execution Agents">
      </AgentRule>
    </Execution>
  </TestSettings>
  <Times creation="2013-03-17T02:02:32.1368054-03:00" queuing="2013-03-17T02:02:32.2910266-03:00" start="2013-03-17T02:02:32.8087692-03:00" finish="2013-03-17T02:02:45.8658359-03:00" />
  <ResultSummary outcome="Completed">
    <Counters total="1" executed="1" passed="1" error="0" failed="0" timeout="0" aborted="0" inconclusive="0" passedButRunAborted="0" notRunnable="0" notExecuted="0" disconnected="0" warning="0" completed="0" inProgress="0" pending="0" />
  </ResultSummary>
  <TestDefinitions>
    <UnitTest name="SalvarProdutoTest" storage="c:\documents and settings\arquiteto\meus documentos\visual studio 2010\projects\nhibernate_spring_net\testespringnet\bin\debug\testespringnet.dll" id="25b37dfb-a303-ccf0-1b89-b9a3e13be4ea">
      <Execution id="3bbbb4fa-357e-4e74-97a0-ae281a930c9b" />
      <TestMethod codeBase="c:/documents and settings/arquiteto/meus documentos/visual studio 2010/Projects/NHibernate_Spring_NET/TesteSpringNet/bin/Debug/TesteSpringNet.DLL" adapterTypeName="Microsoft.VisualStudio.TestTools.TestTypes.Unit.UnitTestAdapter, Microsoft.VisualStudio.QualityTools.Tips.UnitTest.Adapter, Version=10.0.0.0, Culture=neutral, PublicKeyToken=b03f5f7f11d50a3a" className="TesteSpringNet.ManterProdutoTest, TesteSpringNet, Version=1.0.0.0, Culture=neutral, PublicKeyToken=null" name="SalvarProdutoTest" />
    </UnitTest>
  </TestDefinitions>
  <TestLists>
    <TestList name="Testes de Regra de Negócio" id="c44a6dfb-94cf-4128-9ac1-d987c425f2fe" parentListId="8c43106b-9dc1-4907-a29f-aa66a61bf5b6">
      <TestLinks>
        <TestLink id="25b37dfb-a303-ccf0-1b89-b9a3e13be4ea" name="SalvarProdutoTest" storage="c:\documents and settings\arquiteto\meus documentos\visual studio 2010\projects\nhibernate_spring_net\testespringnet\bin\debug\testespringnet.dll" type="Microsoft.VisualStudio.TestTools.TestTypes.Unit.UnitTestElement, Microsoft.VisualStudio.QualityTools.Tips.UnitTest.ObjectModel, Version=10.0.0.0, Culture=neutral, PublicKeyToken=b03f5f7f11d50a3a" />
      </TestLinks>
    </TestList>
    <TestList name="All Loaded Results" id="19431567-8539-422a-85d7-44ee4e166bda" />
    <TestList name="Lists of Results" id="8c43106b-9dc1-4907-a29f-aa66a61bf5b6" />
  </TestLists>
  <TestEntries>
    <TestEntry testId="25b37dfb-a303-ccf0-1b89-b9a3e13be4ea" executionId="3bbbb4fa-357e-4e74-97a0-ae281a930c9b" testListId="c44a6dfb-94cf-4128-9ac1-d987c425f2fe" />
  </TestEntries>
  <Results>
    <UnitTestResult executionId="3bbbb4fa-357e-4e74-97a0-ae281a930c9b" testId="25b37dfb-a303-ccf0-1b89-b9a3e13be4ea" testName="SalvarProdutoTest" computerName="ALLSPARK" duration="00:00:09.1698238" startTime="2013-03-17T02:02:33.1502590-03:00" endTime="2013-03-17T02:02:45.0429490-03:00" testType="13cdc9d9-ddb5-4fa4-a97d-d965ccfc6d4b" outcome="Passed" testListId="c44a6dfb-94cf-4128-9ac1-d987c425f2fe" relativeResultsDirectory="3bbbb4fa-357e-4e74-97a0-ae281a930c9b">
      <Output>
        <StdOut>NHibernate: SELECT fornecedor0_.id as id2_2_, fornecedor0_.nome as nome2_2_, notafiscal1_.id as id1_0_, notafiscal1_.tipo as tipo1_0_, notafiscal1_.dtEntrega as dtEntrega1_0_, notafiscal1_.dtNota as dtNota1_0_, notafiscal1_.total as total1_0_, notafiscal1_.idFornecedor as idFornec6_1_0_, itemsnota2_.idNota as idNota4_, itemsnota2_.id as id4_, itemsnota2_.id as id0_1_, itemsnota2_.precoUnitario as precoUni2_0_1_, itemsnota2_.quantidade as quantidade0_1_, itemsnota2_.totalLinha as totalLinha0_1_, itemsnota2_.idNota as idNota0_1_, itemsnota2_.idProduto as idProduto0_1_ FROM Fornecedor fornecedor0_ left outer join NotaFiscal notafiscal1_ on fornecedor0_.id=notafiscal1_.id left outer join ItemNota itemsnota2_ on notafiscal1_.id=itemsnota2_.idNota WHERE fornecedor0_.id=@p0;@p0 = 1 [Type: Int32 (0)]
NHibernate: SELECT produto0_.id as id3_1_, produto0_.nome as nome3_1_, produto0_.preco as preco3_1_, produto0_.pctLucro as pctLucro3_1_, itemnota1_.id as id0_0_, itemnota1_.precoUnitario as precoUni2_0_0_, itemnota1_.quantidade as quantidade0_0_, itemnota1_.totalLinha as totalLinha0_0_, itemnota1_.idNota as idNota0_0_, itemnota1_.idProduto as idProduto0_0_ FROM Produto produto0_ left outer join ItemNota itemnota1_ on produto0_.id=itemnota1_.id WHERE produto0_.id=@p0;@p0 = 5 [Type: Int32 (0)]
NHibernate: SELECT produto0_.id as id3_1_, produto0_.nome as nome3_1_, produto0_.preco as preco3_1_, produto0_.pctLucro as pctLucro3_1_, itemnota1_.id as id0_0_, itemnota1_.precoUnitario as precoUni2_0_0_, itemnota1_.quantidade as quantidade0_0_, itemnota1_.totalLinha as totalLinha0_0_, itemnota1_.idNota as idNota0_0_, itemnota1_.idProduto as idProduto0_0_ FROM Produto produto0_ left outer join ItemNota itemnota1_ on produto0_.id=itemnota1_.id WHERE produto0_.id=@p0;@p0 = 6 [Type: Int32 (0)]
NHibernate: SELECT produto0_.id as id13_1_, produto0_.nome as nome13_1_, produto0_.preco as preco13_1_, produto0_.pctLucro as pctLucro13_1_, itemnota1_.id as id10_0_, itemnota1_.precoUnitario as precoUni2_10_0_, itemnota1_.quantidade as quantidade10_0_, itemnota1_.totalLinha as totalLinha10_0_, itemnota1_.idNota as idNota10_0_, itemnota1_.idProduto as idProduto10_0_ FROM Produto produto0_ left outer join ItemNota itemnota1_ on produto0_.id=itemnota1_.id WHERE produto0_.id=@p0;@p0 = 5 [Type: Int32 (0)]
NHibernate: SELECT produto0_.id as id13_1_, produto0_.nome as nome13_1_, produto0_.preco as preco13_1_, produto0_.pctLucro as pctLucro13_1_, itemnota1_.id as id10_0_, itemnota1_.precoUnitario as precoUni2_10_0_, itemnota1_.quantidade as quantidade10_0_, itemnota1_.totalLinha as totalLinha10_0_, itemnota1_.idNota as idNota10_0_, itemnota1_.idProduto as idProduto10_0_ FROM Produto produto0_ left outer join ItemNota itemnota1_ on produto0_.id=itemnota1_.id WHERE produto0_.id=@p0;@p0 = 6 [Type: Int32 (0)]
NHibernate: INSERT INTO NotaFiscal (tipo, dtEntrega, dtNota, total, idFornecedor) VALUES (@p0, @p1, @p2, @p3, @p4); select SCOPE_IDENTITY();@p0 = 'ENTRADA' [Type: String (4000)], @p1 = 17/3/2013 02:02:43 [Type: DateTime (0)], @p2 = 1/3/2013 00:00:00 [Type: DateTime (0)], @p3 = 0 [Type: Double (0)], @p4 = 1 [Type: Int32 (0)]</StdOut>
        <DebugTrace>Unable to read configuration section common/logging.  Using no-op implemenation.
</DebugTrace>
      </Output>
    </UnitTestResult>
  </Results>
</TestRun>